// Jest Snapshot v1, https://goo.gl/fbAQLP

exports[`should render button component 1`] = `
<button
  className="bg-blue-500 hover:bg-blue-700text-white font-bold py-2 px-4 rounded"
/>
`;

exports[`should render error component 1`] = `
<button
  className="bg-blue-500 hover:bg-blue-700text-white font-bold py-2 px-4 rounded"
/>
`;
